{"logTime": "0815/085249", "correlationVector":"4046BToequbSSsAqDo1zb/.1","action":"SyncServerConnectionManagerRequest", "result":"SYNC_SERVER_OK", "context":{"environment":"Prod_southindia_prod-s01-004-apac-southindia", "migrationStage":"NotStarted", "server":"akswtt10700001b"}}
{"logTime": "0815/085249", "correlationVector":"4046BToequbSSsAqDo1zb/.2","action":"ProcessGetUpdates", "result":"Done", "context":{"dataType":"Encryption Keys", "deleted":"0", "process_failed_to_decrypt":"0", "process_pending_decryption":"0", "process_success":"1", "total":"1"}}
{"logTime": "0815/085250", "correlationVector":"byIpnxYzw8FLsDmqy/O9Ce","action":"SyncServerConnectionManagerRequest", "result":"SYNC_SERVER_OK", "context":{"environment":"", "migrationStage":"", "server":""}}
{"logTime": "0815/085250", "correlationVector":"byIpnxYzw8FLsDmqy/O9Ce.0","action":"EncryptionKeysFetcher.DownloadKeys:", "result":"Success", "context":Key count: 2, Last key timestamp: 2026-03-27T05:59:06Z}
{"logTime": "0815/085250", "correlationVector":"byIpnxYzw8FLsDmqy/O9Ce.1","action":"EncryptionKeysManager::SetEncryptionKeys:", "result":"Success", "context":Key names[2]:[ud8mFufb4mmoYriAMlbMRLkK0w9mA1kvhSQAQx0SQPJAl5GWfDubwp5HJ/AMOrkNeMCZG8aoDfKePJOrC0yoMQ==][AOQrmZ11oOUas+LcRYQVY2AW7Gr77UVCNQkuws3pZBwwgiuYIfyNIgYdOJ0UU6zfOTmixJxndjiZoCMUnpiMaQ==]}
{"logTime": "0815/085250", "correlationVector":"byIpnxYzw8FLsDmqy/O9Ce.2","action":"EncryptionKeysManager::SetEncryptionKeysWithTimestamps:", "result":"Success", "context":Key timestamps[2]:[2025-09-28T04:48:39Z][2026-03-27T05:59:06Z]}
{"logTime": "0815/085250", "correlationVector":"4046BToequbSSsAqDo1zb/","action":"Initial GetUpdates", "result":"", "context":Reason: NEW_CLIENT. cV=4046BToequbSSsAqDo1zb/}
{"logTime": "0815/085250", "correlationVector":"4046BToequbSSsAqDo1zb/.3","action":"GetUpdates Response", "result":"Success", "context":Received 1 update(s). cV=4046BToequbSSsAqDo1zb/.0;server=akswtt10700001b;cloudType=Consumer;environment=Prod_southindia_prod-s01-004-apac-southindia;migrationStage=NotStarted}
{"logTime": "0815/085250", "correlationVector":"IbAnFci53yZJB8iIU5k4hb","action":"Initial GetUpdates", "result":"", "context":Reason: NEWLY_SUPPORTED_DATATYPE. cV=IbAnFci53yZJB8iIU5k4hb}
{"logTime": "0815/085251", "correlationVector":"IbAnFci53yZJB8iIU5k4hb.1","action":"SyncServerConnectionManagerRequest", "result":"SYNC_SERVER_OK", "context":{"environment":"Prod_southindia_prod-s01-004-apac-southindia", "migrationStage":"NotStarted", "server":"akswtt107000008"}}
{"logTime": "0815/085251", "correlationVector":"IbAnFci53yZJB8iIU5k4hb.2","action":"ProcessGetUpdates", "result":"Done", "context":{"dataType":"Passwords", "deleted":"0", "process_failed_to_decrypt":"0", "process_pending_decryption":"0", "process_success":"17", "total":"17"}}
{"logTime": "0815/085251", "correlationVector":"IbAnFci53yZJB8iIU5k4hb.3","action":"ProcessGetUpdates", "result":"Done", "context":{"dataType":"Device Info", "deleted":"0", "process_failed_to_decrypt":"0", "process_pending_decryption":"0", "process_success":"17", "total":"17"}}
{"logTime": "0815/085251", "correlationVector":"IbAnFci53yZJB8iIU5k4hb.4","action":"GetUpdates Response", "result":"Success", "context":Received 34 update(s). cV=IbAnFci53yZJB8iIU5k4hb.0;server=akswtt107000008;cloudType=Consumer;environment=Prod_southindia_prod-s01-004-apac-southindia;migrationStage=NotStarted}
{"logTime": "0815/085251", "correlationVector":"dvVx7s+JxPo3NqBBDrap3P","action":"Initial GetUpdates", "result":"", "context":Reason: NEWLY_SUPPORTED_DATATYPE. cV=dvVx7s+JxPo3NqBBDrap3P}
{"logTime": "0815/085252", "correlationVector":"dvVx7s+JxPo3NqBBDrap3P.1","action":"SyncServerConnectionManagerRequest", "result":"SYNC_SERVER_OK", "context":{"environment":"Prod_southindia_prod-s01-004-apac-southindia", "migrationStage":"NotStarted", "server":"akswtt10700001g"}}
{"logTime": "0815/085252", "correlationVector":"dvVx7s+JxPo3NqBBDrap3P.2","action":"ProcessGetUpdates", "result":"Done", "context":{"dataType":"Bookmarks", "deleted":"0", "process_failed_to_decrypt":"0", "process_pending_decryption":"0", "process_success":"6", "total":"6"}}
{"logTime": "0815/085252", "correlationVector":"dvVx7s+JxPo3NqBBDrap3P.3","action":"ProcessGetUpdates", "result":"Done", "context":{"dataType":"Preferences", "deleted":"0", "process_failed_to_decrypt":"0", "process_pending_decryption":"0", "process_success":"35", "total":"35"}}
{"logTime": "0815/085252", "correlationVector":"dvVx7s+JxPo3NqBBDrap3P.4","action":"ProcessGetUpdates", "result":"Done", "context":{"dataType":"Autofill Profiles", "deleted":"0", "process_failed_to_decrypt":"0", "process_pending_decryption":"0", "process_success":"1", "total":"1"}}
{"logTime": "0815/085252", "correlationVector":"dvVx7s+JxPo3NqBBDrap3P.5","action":"ProcessGetUpdates", "result":"Done", "context":{"dataType":"Autofill", "deleted":"0", "process_failed_to_decrypt":"0", "process_pending_decryption":"0", "process_success":"160", "total":"160"}}
{"logTime": "0815/085252", "correlationVector":"dvVx7s+JxPo3NqBBDrap3P.6","action":"ProcessGetUpdates", "result":"Done", "context":{"dataType":"Extensions", "deleted":"0", "process_failed_to_decrypt":"0", "process_pending_decryption":"0", "process_success":"1", "total":"1"}}
{"logTime": "0815/085252", "correlationVector":"dvVx7s+JxPo3NqBBDrap3P.7","action":"ProcessGetUpdates", "result":"Done", "context":{"dataType":"Sessions", "deleted":"46", "process_failed_to_decrypt":"0", "process_pending_decryption":"0", "process_success":"46", "total":"46"}}
{"logTime": "0815/085252", "correlationVector":"dvVx7s+JxPo3NqBBDrap3P.8","action":"ProcessGetUpdates", "result":"Done", "context":{"dataType":"Edge Hub App Usage", "deleted":"0", "process_failed_to_decrypt":"0", "process_pending_decryption":"0", "process_success":"1", "total":"1"}}
{"logTime": "0815/085252", "correlationVector":"dvVx7s+JxPo3NqBBDrap3P.9","action":"GetUpdates Response", "result":"Success", "context":Received 250 update(s). cV=dvVx7s+JxPo3NqBBDrap3P.0;server=akswtt10700001g;cloudType=Consumer;environment=Prod_southindia_prod-s01-004-apac-southindia;migrationStage=NotStarted Some updates remain.}
{"logTime": "0815/085252", "correlationVector":"FadSL7csed4zzKOgCEROnA","action":"Initial GetUpdates", "result":"", "context":Reason: NEWLY_SUPPORTED_DATATYPE. cV=FadSL7csed4zzKOgCEROnA}
{"logTime": "0815/085253", "correlationVector":"FadSL7csed4zzKOgCEROnA.1","action":"SyncServerConnectionManagerRequest", "result":"SYNC_SERVER_OK", "context":{"environment":"Prod_southindia_prod-s01-004-apac-southindia", "migrationStage":"NotStarted", "server":"akswtt10700000s"}}
{"logTime": "0815/085253", "correlationVector":"FadSL7csed4zzKOgCEROnA.2","action":"ProcessGetUpdates", "result":"Done", "context":{"dataType":"Preferences", "deleted":"0", "process_failed_to_decrypt":"0", "process_pending_decryption":"0", "process_success":"10", "total":"10"}}
{"logTime": "0815/085253", "correlationVector":"FadSL7csed4zzKOgCEROnA.3","action":"ProcessGetUpdates", "result":"Done", "context":{"dataType":"Autofill Profiles", "deleted":"0", "process_failed_to_decrypt":"0", "process_pending_decryption":"0", "process_success":"2", "total":"2"}}
{"logTime": "0815/085253", "correlationVector":"FadSL7csed4zzKOgCEROnA.4","action":"ProcessGetUpdates", "result":"Done", "context":{"dataType":"Autofill", "deleted":"0", "process_failed_to_decrypt":"0", "process_pending_decryption":"0", "process_success":"13", "total":"13"}}
{"logTime": "0815/085253", "correlationVector":"FadSL7csed4zzKOgCEROnA.5","action":"ProcessGetUpdates", "result":"Done", "context":{"dataType":"Extensions", "deleted":"0", "process_failed_to_decrypt":"0", "process_pending_decryption":"0", "process_success":"1", "total":"1"}}
{"logTime": "0815/085253", "correlationVector":"FadSL7csed4zzKOgCEROnA.6","action":"ProcessGetUpdates", "result":"Done", "context":{"dataType":"Sessions", "deleted":"148", "process_failed_to_decrypt":"0", "process_pending_decryption":"0", "process_success":"180", "total":"180"}}
{"logTime": "0815/085253", "correlationVector":"FadSL7csed4zzKOgCEROnA.7","action":"ProcessGetUpdates", "result":"Done", "context":{"dataType":"Extension settings", "deleted":"0", "process_failed_to_decrypt":"0", "process_pending_decryption":"0", "process_success":"1", "total":"1"}}
{"logTime": "0815/085253", "correlationVector":"FadSL7csed4zzKOgCEROnA.8","action":"ProcessGetUpdates", "result":"Done", "context":{"dataType":"Edge Hub App Usage", "deleted":"0", "process_failed_to_decrypt":"0", "process_pending_decryption":"0", "process_success":"6", "total":"6"}}
{"logTime": "0815/085253", "correlationVector":"FadSL7csed4zzKOgCEROnA.9","action":"GetUpdates Response", "result":"Success", "context":Received 213 update(s). cV=FadSL7csed4zzKOgCEROnA.0;server=akswtt10700000s;cloudType=Consumer;environment=Prod_southindia_prod-s01-004-apac-southindia;migrationStage=NotStarted}
{"logTime": "0815/085253", "correlationVector":"LpxMFu79J8hkDiVS5rtKFY","action":"Initial GetUpdates", "result":"", "context":Reason: NEWLY_SUPPORTED_DATATYPE. cV=LpxMFu79J8hkDiVS5rtKFY}
{"logTime": "0815/085254", "correlationVector":"LpxMFu79J8hkDiVS5rtKFY.1","action":"SyncServerConnectionManagerRequest", "result":"SYNC_SERVER_OK", "context":{"environment":"Prod_southindia_prod-s01-004-apac-southindia", "migrationStage":"NotStarted", "server":"akswtt10700000t"}}
{"logTime": "0815/085254", "correlationVector":"LpxMFu79J8hkDiVS5rtKFY.2","action":"ProcessGetUpdates", "result":"Done", "context":{"dataType":"History", "deleted":"0", "process_failed_to_decrypt":"0", "process_pending_decryption":"0", "process_success":"250", "total":"250"}}
{"logTime": "0815/085254", "correlationVector":"LpxMFu79J8hkDiVS5rtKFY.3","action":"GetUpdates Response", "result":"Success", "context":Received 250 update(s). cV=LpxMFu79J8hkDiVS5rtKFY.0;server=akswtt10700000t;cloudType=Consumer;environment=Prod_southindia_prod-s01-004-apac-southindia;migrationStage=NotStarted Some updates remain.}
{"logTime": "0815/085254", "correlationVector":"1ZIYtLA85SX99zyvzoHM6t","action":"Initial GetUpdates", "result":"", "context":Reason: NEWLY_SUPPORTED_DATATYPE. cV=1ZIYtLA85SX99zyvzoHM6t}
{"logTime": "0815/085256", "correlationVector":"1ZIYtLA85SX99zyvzoHM6t.1","action":"SyncServerConnectionManagerRequest", "result":"SYNC_SERVER_OK", "context":{"environment":"Prod_southindia_prod-s01-004-apac-southindia", "migrationStage":"NotStarted", "server":"akswtt107000011"}}
{"logTime": "0815/085256", "correlationVector":"1ZIYtLA85SX99zyvzoHM6t.2","action":"ProcessGetUpdates", "result":"Done", "context":{"dataType":"History", "deleted":"0", "process_failed_to_decrypt":"0", "process_pending_decryption":"0", "process_success":"250", "total":"250"}}
{"logTime": "0815/085256", "correlationVector":"1ZIYtLA85SX99zyvzoHM6t.3","action":"GetUpdates Response", "result":"Success", "context":Received 250 update(s). cV=1ZIYtLA85SX99zyvzoHM6t.0;server=akswtt107000011;cloudType=Consumer;environment=Prod_southindia_prod-s01-004-apac-southindia;migrationStage=NotStarted Some updates remain.}
{"logTime": "0815/085256", "correlationVector":"5u+TbSCkZGy8Z0Ao3z2bzf","action":"Initial GetUpdates", "result":"", "context":Reason: NEWLY_SUPPORTED_DATATYPE. cV=5u+TbSCkZGy8Z0Ao3z2bzf}
{"logTime": "0815/085257", "correlationVector":"5u+TbSCkZGy8Z0Ao3z2bzf.1","action":"SyncServerConnectionManagerRequest", "result":"SYNC_SERVER_OK", "context":{"environment":"Prod_southindia_prod-s01-004-apac-southindia", "migrationStage":"NotStarted", "server":"akswtt10700001e"}}
{"logTime": "0815/085257", "correlationVector":"5u+TbSCkZGy8Z0Ao3z2bzf.2","action":"ProcessGetUpdates", "result":"Done", "context":{"dataType":"History", "deleted":"0", "process_failed_to_decrypt":"0", "process_pending_decryption":"0", "process_success":"250", "total":"250"}}
{"logTime": "0815/085257", "correlationVector":"5u+TbSCkZGy8Z0Ao3z2bzf.3","action":"GetUpdates Response", "result":"Success", "context":Received 250 update(s). cV=5u+TbSCkZGy8Z0Ao3z2bzf.0;server=akswtt10700001e;cloudType=Consumer;environment=Prod_southindia_prod-s01-004-apac-southindia;migrationStage=NotStarted Some updates remain.}
{"logTime": "0815/085257", "correlationVector":"goxJf913k2c2dL70PBdslM","action":"Initial GetUpdates", "result":"", "context":Reason: NEWLY_SUPPORTED_DATATYPE. cV=goxJf913k2c2dL70PBdslM}
{"logTime": "0815/085258", "correlationVector":"goxJf913k2c2dL70PBdslM.1","action":"SyncServerConnectionManagerRequest", "result":"SYNC_SERVER_OK", "context":{"environment":"Prod_southindia_prod-s01-004-apac-southindia", "migrationStage":"NotStarted", "server":"akswtt107000018"}}
{"logTime": "0815/085258", "correlationVector":"goxJf913k2c2dL70PBdslM.2","action":"ProcessGetUpdates", "result":"Done", "context":{"dataType":"History", "deleted":"0", "process_failed_to_decrypt":"0", "process_pending_decryption":"0", "process_success":"176", "total":"176"}}
{"logTime": "0815/085258", "correlationVector":"goxJf913k2c2dL70PBdslM.3","action":"GetUpdates Response", "result":"Success", "context":Received 176 update(s). cV=goxJf913k2c2dL70PBdslM.0;server=akswtt107000018;cloudType=Consumer;environment=Prod_southindia_prod-s01-004-apac-southindia;migrationStage=NotStarted}
{"logTime": "0815/085258", "correlationVector":"7X2HnklKwFtmgQ9NWOuiyE","action":"Normal GetUpdate request", "result":"", "context":cV=7X2HnklKwFtmgQ9NWOuiyE
Nudged types: Sessions, Device Info, User Consents, History
Refresh requested types: Bookmarks, Preferences, Passwords, Autofill Profiles, Autofill, Extensions, Sessions, Extension settings, History Delete Directives, Device Info, User Consents, Send Tab To Self, Web Apps, History, Saved Tab Group, WebAuthn Credentials, Edge E Drop, Edge Hub App Usage, Edge Workspace, Encryption Keys}
{"logTime": "0815/085258", "correlationVector":"7X2HnklKwFtmgQ9NWOuiyE.1","action":"SyncServerConnectionManagerRequest", "result":"SYNC_SERVER_OK", "context":{"environment":"Prod_southindia_prod-s01-004-apac-southindia", "migrationStage":"NotStarted", "server":"akswtt10700001e"}}
{"logTime": "0815/085258", "correlationVector":"7X2HnklKwFtmgQ9NWOuiyE.2","action":"GetUpdates Response", "result":"Success", "context":Received 0 update(s). cV=7X2HnklKwFtmgQ9NWOuiyE.0;server=akswtt10700001e;cloudType=Consumer;environment=Prod_southindia_prod-s01-004-apac-southindia;migrationStage=NotStarted}
{"logTime": "0815/085258", "correlationVector":"tyCzZBh2kzcYgoQK2C60O7","action":"Commit Request", "result":"", "context":Item count: 5
Contributing types: Sessions, Device Info, User Consents, History}
{"logTime": "0815/085301", "correlationVector":"tyCzZBh2kzcYgoQK2C60O7.1","action":"SyncServerConnectionManagerRequest", "result":"SYNC_SERVER_OK", "context":{"environment":"Prod_southindia_prod-s01-004-apac-southindia", "migrationStage":"NotStarted", "server":"akswtt107000018"}}
{"logTime": "0815/085301", "correlationVector":"tyCzZBh2kzcYgoQK2C60O7.2","action":"Commit Response", "result":"Success", "context":Result: Success. cV=tyCzZBh2kzcYgoQK2C60O7.0;server=akswtt107000018;cloudType=Consumer;environment=Prod_southindia_prod-s01-004-apac-southindia;migrationStage=NotStarted}
